// Jest Snapshot v1, https://goo.gl/fbAQLP

exports[`<Select /> Should render correctly 1`] = `
<div
  className="select undefined"
>
  <div
    className="MuiFormControl-root select_form-control"
  >
    <label
      className="MuiFormLabel-root MuiInputLabel-root MuiInputLabel-formControl MuiInputLabel-animated MuiInputLabel-shrink MuiInputLabel-filled MuiFormLabel-filled"
      data-shrink={true}
    >
      Select me
    </label>
    <div
      className="MuiInputBase-root MuiFilledInput-root MuiFilledInput-underline MuiInputBase-formControl"
      onClick={[Function]}
    >
      <div
        aria-haspopup="listbox"
        className="MuiSelect-root MuiSelect-select MuiSelect-selectMenu MuiSelect-filled MuiInputBase-input MuiFilledInput-input"
        onBlur={[Function]}
        onFocus={[Function]}
        onKeyDown={[Function]}
        onMouseDown={[Function]}
        role="button"
        tabIndex={0}
      >
        <span
          dangerouslySetInnerHTML={
            Object {
              "__html": "&#8203;",
            }
          }
        />
      </div>
      <input
        aria-hidden={true}
        className="MuiSelect-nativeInput"
        onAnimationStart={[Function]}
        onChange={[Function]}
        required={false}
        tabIndex={-1}
        value="car"
      />
      <svg
        aria-hidden={true}
        className="MuiSvgIcon-root MuiSelect-icon MuiSelect-iconFilled"
        focusable="false"
        viewBox="0 0 24 24"
      >
        <path
          d="M7 10l5 5 5-5z"
        />
      </svg>
    </div>
  </div>
</div>
`;
