// Jest Snapshot v1, https://goo.gl/fbAQLP

exports[`<Typing /> Should render correctly 1`] = `
<p
  className="typing"
>
  
</p>
`;
